// Jest Snapshot v1, https://goo.gl/fbAQLP

exports[`should display a ready notification 1`] = `<div />`;

exports[`should display an error notification 1`] = `<div />`;

exports[`should display an in progress notif 1`] = `<div />`;

exports[`should display install errors 1`] = `
<div>
  <div
    className="alert alert-danger"
  >
    Foo error
  </div>
</div>
`;
