// Jest Snapshot v1, https://goo.gl/fbAQLP

exports[`should display correctly 1`] = `
<Modal
  ariaHideApp={true}
  bodyOpenClassName="ReactModal__Body--open"
  className="modal"
  closeTimeoutMS={0}
  contentLabel="marketplace.uninstall_x.Foo"
  isOpen={true}
  onRequestClose={[Function]}
  overlayClassName="modal-overlay"
  parentSelector={[Function]}
  portalClassName="ReactModalPortal"
  shouldCloseOnOverlayClick={true}
>
  <header
    className="modal-head"
  >
    <h2>
      marketplace.uninstall_x.Foo
    </h2>
  </header>
  <div
    className="modal-body"
  >
    <p>
      marketplace.uninstall_x_confirmation.Foo
    </p>
  </div>
  <footer
    className="modal-foot"
  >
    <button
      className="button-red"
      disabled={false}
      onClick={[Function]}
    >
      marketplace.uninstall
    </button>
    <a
      className="js-modal-close"
      href="#"
      onClick={[Function]}
    >
      cancel
    </a>
  </footer>
</Modal>
`;
