// Jest Snapshot v1, https://goo.gl/fbAQLP

exports[`should display an error message 1`] = `
<div
  className="spacer-bottom marketplace-editions"
>
  <span
    className="alert alert-info"
  >
    <FormattedMessage
      defaultMessage="marketplace.editions_unavailable"
      id="marketplace.editions_unavailable"
      values={
        Object {
          "url": <a
            href="https://www.sonarsource.com"
            target="_blank"
        >
            SonarSource.com
        </a>,
        }
      }
    />
  </span>
</div>
`;

exports[`should display the edition boxes 1`] = `
<i
  className="big-spacer-bottom spinner"
/>
`;

exports[`should display the edition boxes 2`] = `
<div
  className="spacer-bottom marketplace-editions"
>
  <EditionBox
    edition={
      Object {
        "desc": "Foo desc",
        "download_link": "download_url",
        "key": "foo",
        "more_link": "more_url",
        "name": "Foo",
        "request_license_link": "license_url",
      }
    }
    editionStatus={
      Object {
        "currentEditionKey": "foo",
        "installationStatus": "NONE",
        "nextEditionKey": "",
      }
    }
    onInstall={[Function]}
    onUninstall={[Function]}
  />
  <EditionBox
    edition={
      Object {
        "desc": "Bar desc",
        "download_link": "download_url",
        "key": "bar",
        "more_link": "more_url",
        "name": "Bar",
        "request_license_link": "license_url",
      }
    }
    editionStatus={
      Object {
        "currentEditionKey": "foo",
        "installationStatus": "NONE",
        "nextEditionKey": "",
      }
    }
    onInstall={[Function]}
    onUninstall={[Function]}
  />
</div>
`;
